make[1]: Entering directory '/home/mkamp/projects/AuDoscore/tests/method_ref_replace/test.8405'
rm -f *.class */*.class
javac -cp lib/junit5/junit-jupiter-api.jar:lib/junit5/junit-jupiter-engine.jar:lib/junit5/junit-jupiter-migrationsupport.jar:lib/junit5/junit-jupiter-params.jar:lib/junit5/junit-platform-commons.jar:lib/junit5/junit-platform-engine.jar:lib/junit5/junit-platform-launcher.jar:lib/junit5/junit-platform-reporting.jar:lib/junit5/junit-platform-runner.jar:lib/junit5/junit-platform-suite-api.jar:lib/junit5/junit-vintage-engine.jar:lib/apiguardian-api.jar:lib/opentest4j.jar:lib/junitpoints.jar -proc:only -processor tools.bomacon.BonusMalusConverter UnitTest.java > UnitTest.java.tmp ; mv UnitTest.java.tmp UnitTest.java
make[2]: Entering directory '/home/mkamp/projects/AuDoscore/tests/method_ref_replace/test.8405'
javac -cp lib/json-simple-1.1.1.jar:lib/junit5/junit-jupiter-api.jar:lib/junit5/junit-jupiter-engine.jar:lib/junit5/junit-jupiter-migrationsupport.jar:lib/junit5/junit-jupiter-params.jar:lib/junit5/junit-platform-commons.jar:lib/junit5/junit-platform-engine.jar:lib/junit5/junit-platform-launcher.jar:lib/junit5/junit-platform-reporting.jar:lib/junit5/junit-platform-runner.jar:lib/junit5/junit-platform-suite-api.jar:lib/junit5/junit-vintage-engine.jar:lib/apiguardian-api.jar:lib/opentest4j.jar:lib/junitpoints.jar:. UnitTest.java ToTest.java 
make[2]: Leaving directory '/home/mkamp/projects/AuDoscore/tests/method_ref_replace/test.8405'
java -cp lib/junit5/junit-jupiter-api.jar:lib/junit5/junit-jupiter-engine.jar:lib/junit5/junit-jupiter-migrationsupport.jar:lib/junit5/junit-jupiter-params.jar:lib/junit5/junit-platform-commons.jar:lib/junit5/junit-platform-engine.jar:lib/junit5/junit-platform-launcher.jar:lib/junit5/junit-platform-reporting.jar:lib/junit5/junit-platform-runner.jar:lib/junit5/junit-platform-suite-api.jar:lib/junit5/junit-vintage-engine.jar:lib/apiguardian-api.jar:lib/opentest4j.jar:lib/junitpoints.jar:. CheckAnnotation UnitTest
java -cp lib/junitpoints.jar:. ReadForbidden UnitTest > forbidden
chmod +x forbidden
if [ "xSecretTest" != "x" ]; then \
       STUDENTCLASSES=$(find . -maxdepth 1 -iname "*.class" -a \! \( -name "UnitTest*" -o -name "SecretTest*" \) ); \
else \
       STUDENTCLASSES=$(find . -maxdepth 1 -iname "*.class" -a \! -name "UnitTest*"); \
fi; \
if [ "x" != "x" ]; then \
       STUDENTCLASSES=$(echo "$STUDENTCLASSES" | grep -vE "$(echo "" | sed 's/\.java/(\\\$[^.]*)?\.class/g' | tr " " "|")"); \
fi; \
for i in $STUDENTCLASSES; do \
       rm -f javap.out; \
       javap -p -c $i > javap.out; \
       sed -i -e 's/(.*//' javap.out; \
       ! ( cat javap.out | ./forbidden 1>&2 ) || exit 1; \
done
rm forbidden
make run-comparer
make[2]: Entering directory '/home/mkamp/projects/AuDoscore/tests/method_ref_replace/test.8405'
java -cp lib/junitpoints.jar tools.ic.InterfaceComparer UnitTest
make[2]: Leaving directory '/home/mkamp/projects/AuDoscore/tests/method_ref_replace/test.8405'
make[1]: Leaving directory '/home/mkamp/projects/AuDoscore/tests/method_ref_replace/test.8405'
