make[1]: Entering directory '/home/sitowert/AuDoscore/tests/replace_with_fqn/test.25445'
rm -f *.class */*.class
javac -cp lib/junit.jar:lib/junitpoints.jar -proc:only -processor tools.bomacon.BonusMalusConverter UnitTest.java > UnitTest.java.tmp ; mv UnitTest.java.tmp UnitTest.java ; javac -cp lib/junit.jar:lib/junitpoints.jar -proc:only -processor FullQualifier UnitTest.java > UnitTest.java.tmp ; mv UnitTest.java.tmp UnitTest.java ; make -B UnitTest.class; javac cleanroom/*.java;
make[2]: Entering directory '/home/sitowert/AuDoscore/tests/replace_with_fqn/test.25445'
javac -cp lib/json-simple-1.1.1.jar:lib/junit.jar:lib/junitpoints.jar:. UnitTest.java ToTest.java 
make[2]: Leaving directory '/home/sitowert/AuDoscore/tests/replace_with_fqn/test.25445'
java -cp lib/junit.jar:lib/junitpoints.jar:. CheckAnnotation UnitTest
java -cp lib/junitpoints.jar:. ReadForbidden UnitTest > forbidden
chmod +x forbidden
if [ "xSecretTest" != "x" ]; then \
	STUDENTCLASSES=$(find . -iname "*.class" -a \! \( -name "UnitTest*" -o -name "SecretTest*" \) ); \
else \
	STUDENTCLASSES=$(find . -iname "*.class" -a \! -name "UnitTest*"); \
fi; \
if [ "x" != "x" ]; then \
	STUDENTCLASSES=$(echo "$STUDENTCLASSES" | grep -vE "$(echo "" | sed 's/\.java/(\\\$[^.]*)?\.class/g' | tr " " "|")"); \
fi; \
for i in $STUDENTCLASSES; do \
	rm -f javap.out; \
	javap -p -c $i > javap.out; \
	sed -i -e 's/(.*//' javap.out; \
	! ( cat javap.out | ./forbidden 1>&2 ) || exit 1; \
done
rm forbidden
make run-comparer
make[2]: Entering directory '/home/sitowert/AuDoscore/tests/replace_with_fqn/test.25445'
java -cp lib/junitpoints.jar tools.ic.InterfaceComparer UnitTest
make[2]: Leaving directory '/home/sitowert/AuDoscore/tests/replace_with_fqn/test.25445'
make[1]: Leaving directory '/home/sitowert/AuDoscore/tests/replace_with_fqn/test.25445'
