rm -f *.class */*.class
javac --add-exports=jdk.compiler/com.sun.tools.javac.model=ALL-UNNAMED --add-exports=jdk.compiler/com.sun.tools.javac.processing=ALL-UNNAMED --add-exports=jdk.compiler/com.sun.tools.javac.tree=ALL-UNNAMED --add-exports=jdk.compiler/com.sun.tools.javac.util=ALL-UNNAMED --add-exports=jdk.compiler/com.sun.tools.javac.code=ALL-UNNAMED -J--add-opens=jdk.compiler/com.sun.tools.javac.model=ALL-UNNAMED -J--add-opens=jdk.compiler/com.sun.tools.javac.processing=ALL-UNNAMED -J--add-opens=jdk.compiler/com.sun.tools.javac.tree=ALL-UNNAMED -J--add-opens=jdk.compiler/com.sun.tools.javac.util=ALL-UNNAMED -J--add-opens=jdk.compiler/com.sun.tools.javac.code=ALL-UNNAMED -cp lib/junit.jar:lib/junitpoints.jar -proc:only -processor FullQualifier UnitTest.java > UnitTest.java.tmp ; mv UnitTest.java.tmp UnitTest.java ; make -B UnitTest.class; javac  cleanroom/*.java;
make[1]: Verzeichnis „/home/norbert/LOCAL/LEHRE/GIT-TEACHING/AuDoscore/tests/replace_default_method/test.96707“ wird betreten
javac  -cp lib/json-simple-1.1.1.jar:lib/junit.jar:lib/junitpoints.jar:. UnitTest.java ToTest.java 
make[1]: Verzeichnis „/home/norbert/LOCAL/LEHRE/GIT-TEACHING/AuDoscore/tests/replace_default_method/test.96707“ wird verlassen
java -cp lib/junit.jar:lib/junitpoints.jar:. CheckAnnotation UnitTest
java -cp lib/junitpoints.jar:. ReadForbidden UnitTest > forbidden
chmod +x forbidden
if [ "xSecretTest" != "x" ]; then \
	STUDENTCLASSES=$(find . -maxdepth 1 -iname "*.class" -a \! \( -name "UnitTest*" -o -name "SecretTest*" \) ); \
else \
	STUDENTCLASSES=$(find . -maxdepth 1 -iname "*.class" -a \! -name "UnitTest*"); \
fi; \
if [ "x" != "x" ]; then \
	STUDENTCLASSES=$(echo "$STUDENTCLASSES" | grep -vE "$(echo "" | sed 's/\.java/(\\\$[^.]*)?\.class/g' | tr " " "|")"); \
fi; \
for i in $STUDENTCLASSES; do \
	rm -f javap.out; \
	javap -p -c $i > javap.out; \
	sed -i -e 's/(.*//' javap.out; \
	! ( cat javap.out | ./forbidden 1>&2 ) || exit 1; \
done
rm forbidden
make run-comparer
make[1]: Verzeichnis „/home/norbert/LOCAL/LEHRE/GIT-TEACHING/AuDoscore/tests/replace_default_method/test.96707“ wird betreten
java -cp lib/junitpoints.jar tools.ic.InterfaceComparator UnitTest
make[1]: Verzeichnis „/home/norbert/LOCAL/LEHRE/GIT-TEACHING/AuDoscore/tests/replace_default_method/test.96707“ wird verlassen
