rm -f *.class */*.class
javac  -sourcepath interfaces student/*.java
javac -Xprefer:source  -sourcepath interfaces:cleanroom -cp lib/junitpoints.jar:lib/junit.jar:lib/hamcrest-core.jar:lib/json-simple-1.1.1.jar cleanroom/*.java
javac -Xprefer:source  -sourcepath interfaces:junit:student -cp lib/junitpoints.jar:lib/junit.jar:lib/hamcrest-core.jar:lib/json-simple-1.1.1.jar junit/UnitTest.java
java -cp lib/junitpoints.jar:lib/junit.jar:lib/hamcrest-core.jar:lib/json-simple-1.1.1.jar:junit:interfaces:student CheckAnnotation UnitTest
java -cp lib/junitpoints.jar:lib/junit.jar:lib/hamcrest-core.jar:lib/json-simple-1.1.1.jar tools.ForbiddenUseSearcher UnitTest > forbidden.out
if [ -s forbidden.out ]; then \
	cat forbidden.out 1>&2 ; \
	exit 1 ; \
fi
make run-comparer
make[1]: Verzeichnis „/audoscore/tests/student_wrong_field/test.334907“ wird betreten
java -cp lib/junitpoints.jar tools.ic.InterfaceComparator UnitTest
make[1]: Verzeichnis „/audoscore/tests/student_wrong_field/test.334907“ wird verlassen
