rm -rf *.class
javac  -Xprefer:source -sourcepath interfaces student/*.java
javac  -Xprefer:source -sourcepath interfaces cleanroom/*.java
javac  -Xprefer:source -sourcepath interfaces:junit:student -cp lib/junitpoints.jar:lib/junit.jar:lib/hamcrest-core.jar:lib/json-simple-1.1.1.jar junit/UnitTest.java
java -cp lib/junitpoints.jar:lib/junit.jar:lib/hamcrest-core.jar:lib/json-simple-1.1.1.jar:junit:interfaces:student tester.tools.CheckAnnotation UnitTest
java -cp lib/junitpoints.jar:lib/junit.jar:lib/hamcrest-core.jar:lib/json-simple-1.1.1.jar tester.tools.ForbiddenUseSearcher UnitTest > forbidden.out
if [ -s forbidden.out ]; then \
	cat forbidden.out 1>&2 ; \
	exit 1 ; \
fi
make run-comparer
make[1]: Verzeichnis „/audoscore/tests/student_wrong_parameter_type/test.402929“ wird betreten
java -cp lib/junitpoints.jar:lib/junit.jar:lib/hamcrest-core.jar:lib/json-simple-1.1.1.jar tester.tools.InterfaceComparator UnitTest
make[1]: Verzeichnis „/audoscore/tests/student_wrong_parameter_type/test.402929“ wird verlassen
