rm -rf *.class
javac  -Xprefer:source -sourcepath interfaces student/*.java
javac  -Xprefer:source -sourcepath interfaces cleanroom/*.java
javac  -Xprefer:source -sourcepath interfaces:junit:student -cp lib/junitpoints.jar:lib/junit.jar:lib/hamcrest-core.jar:lib/json-simple-1.1.1.jar junit/UnitTest.java
java -cp lib/junitpoints.jar:lib/junit.jar:lib/hamcrest-core.jar:lib/json-simple-1.1.1.jar:junit:interfaces:student CheckAnnotation UnitTest
java -cp lib/junitpoints.jar:lib/junit.jar:lib/hamcrest-core.jar:lib/json-simple-1.1.1.jar tools.ForbiddenUseSearcher UnitTest > forbidden.out
if [ -s forbidden.out ]; then \
	cat forbidden.out 1>&2 ; \
	exit 1 ; \
fi
make run-comparer
make[1]: Verzeichnis „/audoscore/tests/replace_unknown_class/test.403301“ wird betreten
java -cp lib/junitpoints.jar:lib/junit.jar:lib/hamcrest-core.jar:lib/json-simple-1.1.1.jar tools.ic.InterfaceComparator UnitTest
make[1]: Verzeichnis „/audoscore/tests/replace_unknown_class/test.403301“ wird verlassen
