rm -f *.class */*.class
cp UnitTest.java UnitTest.java.orig
javac -cp lib/tools.jar:lib/junit.jar:lib/junitpoints.jar -proc:only -processor FullQualifier UnitTest.java > UnitTest.java.tmp
mv UnitTest.java.tmp UnitTest.java
sed -i -e 's/@tester.annotations.SecretCase/@org.junit.Ignore/' UnitTest.java
make -B UnitTest.class || ( mv UnitTest.java.orig UnitTest.java; /bin/false; )
make[1]: Entering directory `/home/cubu/AuDoscore/tests/points_wrong/test.14591'
javac -cp lib/json-simple-1.1.1.jar:lib/junit.jar:lib/junitpoints.jar:. UnitTest.java ToTest.java 
make[1]: Leaving directory `/home/cubu/AuDoscore/tests/points_wrong/test.14591'
mv UnitTest.java.orig UnitTest.java
java -cp lib/junitpoints.jar:. ReadForbidden UnitTest > forbidden
chmod +x forbidden
! ( javap -p -c ToTest | ./forbidden 1>&2 )
rm forbidden
