make[1]: Entering directory '/home/sitowert/AuDoscore/tests/cleanroom_specified_methods_not_found/test.10356'
rm -f *.class */*.class
cp UnitTest.java UnitTest.java.orig ; javac -cp lib/junit.jar:lib/junitpoints.jar -proc:only -processor tools.bomacon.BonusMalusConverter UnitTest.java > UnitTest.java.tmp ; mv UnitTest.java.tmp UnitTest.java ; javac -cp lib/junit.jar:lib/junitpoints.jar -proc:only -processor FullQualifier UnitTest.java > UnitTest.java.tmp ; mv UnitTest.java.tmp UnitTest.java ; make -B UnitTest.class || ( mv UnitTest.java.orig UnitTest.java; /bin/false; ) ; mv UnitTest.java.orig UnitTest.java ;
make[2]: Entering directory '/home/sitowert/AuDoscore/tests/cleanroom_specified_methods_not_found/test.10356'
javac -cp lib/json-simple-1.1.1.jar:lib/junit.jar:lib/junitpoints.jar:. UnitTest.java ToTest.java 
make[2]: Leaving directory '/home/sitowert/AuDoscore/tests/cleanroom_specified_methods_not_found/test.10356'
javac cleanroom/*
java -cp lib/junit.jar:lib/junitpoints.jar:. CheckAnnotation UnitTest
Makefile:65: recipe for target 'compile-stage1' failed
make[1]: Leaving directory '/home/sitowert/AuDoscore/tests/cleanroom_specified_methods_not_found/test.10356'
